// Jest Snapshot v1, https://goo.gl/fbAQLP

exports[`Citie.vue has the expected html structure 1`] = `
<div
  class="citie"
/>
`;
